[eurobritconsultants.co.uk/index.html]
[eurobritconsultants.co.uk/xmlrpc.php]
[backblue.gif]
[fade.gif]
[index.html]
[eurobritconsultants.co.uk/wp-json/oembed/1.0/embed5c91.json]
[eurobritconsultants.co.uk/wp-json/oembed/1.0/embedd343]
[eurobritconsultants.co.uk/feed/index.html]
[eurobritconsultants.co.uk/comments/feed/index.html]
[eurobritconsultants.co.uk/wp-content/plugins/header-footer-elementor/inc/widgets-css/frontendab7d.css]
[eurobritconsultants.co.uk/wp-content/plugins/xpro-elementor-addons/assets/css/xpro-widgets97e9.css]
[eurobritconsultants.co.uk/wp-content/plugins/xpro-elementor-addons/assets/css/xpro-responsive97e9.css]
[eurobritconsultants.co.uk/wp-content/plugins/elementor/assets/lib/font-awesome/css/all.min52d5.css]
[eurobritconsultants.co.uk/wp-content/plugins/elementor/assets/css/widget-social-icons.min790a.css]
[eurobritconsultants.co.uk/wp-content/plugins/xpro-elementor-addons/assets/css/xpro-icons.min8a54.css]
[eurobritconsultants.co.uk/wp-content/plugins/jeg-elementor-kit/assets/css/elements/main5b9e.css]
[eurobritconsultants.co.uk/wp-content/plugins/header-footer-elementor/assets/css/header-footer-elementorab7d.css]
[eurobritconsultants.co.uk/wp-content/plugins/elementor/assets/css/frontend.mineda1.css]
[eurobritconsultants.co.uk/wp-content/uploads/elementor/css/post-870f2.css]
[eurobritconsultants.co.uk/wp-content/plugins/xpro-elementor-addons/inc/controls/assets/css/widgetarea-editor97e9.css]
[eurobritconsultants.co.uk/wp-content/plugins/elementor/assets/css/widget-heading.mineda1.css]
[eurobritconsultants.co.uk/wp-content/plugins/elementor/assets/css/widget-icon-list.mineda1.css]
[eurobritconsultants.co.uk/wp-content/plugins/elementor/assets/css/widget-divider.mineda1.css]
[eurobritconsultants.co.uk/wp-content/plugins/elementor-pro/assets/css/widget-form.min0235.css]
[eurobritconsultants.co.uk/wp-content/uploads/elementor/css/post-1270f2.css]
[eurobritconsultants.co.uk/wp-content/uploads/elementor/css/base-desktopcaf9.css]
[eurobritconsultants.co.uk/wp-content/uploads/elementor/css/post-173c22a.css]
[eurobritconsultants.co.uk/wp-content/uploads/elementor/css/post-220c22a.css]
[eurobritconsultants.co.uk/wp-content/themes/hello-elementor/assets/css/reset08cb.css]
[eurobritconsultants.co.uk/wp-content/themes/hello-elementor/assets/css/theme08cb.css]
[eurobritconsultants.co.uk/wp-content/themes/hello-elementor/assets/css/header-footer08cb.css]
[eurobritconsultants.co.uk/wp-content/plugins/elementor-pro/assets/css/conditionals/popup.min0235.css]
[eurobritconsultants.co.uk/wp-content/uploads/elementor/css/post-741c22a.css]
[eurobritconsultants.co.uk/wp-content/plugins/elementor/assets/lib/eicons/css/elementor-icons.min705c.css]
[eurobritconsultants.co.uk/wp-content/plugins/elementor/assets/css/widget-icon-list.min44b4.css]
[eurobritconsultants.co.uk/wp-content/plugins/elementor/assets/css/widget-social-icons.min2401.css]
[eurobritconsultants.co.uk/wp-content/plugins/elementor/assets/lib/font-awesome/css/brands52d5.css]
[eurobritconsultants.co.uk/wp-content/plugins/elementor/assets/lib/font-awesome/css/fontawesome52d5.css]
[eurobritconsultants.co.uk/wp-content/plugins/elementor/assets/lib/font-awesome/css/solid52d5.css]
[eurobritconsultants.co.uk/wp-content/plugins/elementor-pro/assets/css/widget-blockquote.min503b.css]
[eurobritconsultants.co.uk/wp-content/plugins/elementor-pro/assets/css/widget-mega-menu.min9e35.css]
[eurobritconsultants.co.uk/wp-content/plugins/elementor-pro/assets/css/widget-nav-menu.min42e3.css]
[eurobritconsultants.co.uk/wp-content/plugins/xpro-elementor-addons/assets/css/xpro-icons.min97e9.css]
[eurobritconsultants.co.uk/wp-content/plugins/jeg-elementor-kit/assets/fonts/jkiticon/jkiticon5b9e.css]
[eurobritconsultants.co.uk/wp-includes/js/jquery/jquery.minf43b.js]
[eurobritconsultants.co.uk/wp-includes/js/jquery/jquery-migrate.min5589.js]
[eurobritconsultants.co.uk/wp-json/index.html]
[eurobritconsultants.co.uk/wp-json/wp/v2/pages/12.json]
[eurobritconsultants.co.uk/xmlrpc0db0.php]
[cdn.jsdelivr.net/npm/swiper@11/swiper-bundle.min.css]
[eurobritconsultants.co.uk/wp-content/uploads/2026/05/cropped-WhatsApp-Image-2026-05-14-at-12.04.22-32x32.jpg]
[eurobritconsultants.co.uk/wp-content/uploads/2026/05/cropped-WhatsApp-Image-2026-05-14-at-12.04.22-192x192.jpg]
[eurobritconsultants.co.uk/wp-content/uploads/2026/05/cropped-WhatsApp-Image-2026-05-14-at-12.04.22-180x180.jpg]
[eurobritconsultants.co.uk/wp-content/uploads/elementor/thumbs/logo-1-rppzog6aj4t5s9fg7ow3wwxj4it44wq2mmkkujnfyg.png]
[eurobritconsultants.co.uk/wp-content/uploads/2026/05/logo-2-300x300.png]
[eurobritconsultants.co.uk/about/index.html]
[flagcdn.com/w160/ca.png]
[eurobritconsultants.co.uk/apply/index.html]
[eurobritconsultants.co.uk/blog/index.html]
[eurobritconsultants.co.uk/services/index.html]
[flagcdn.com/w160/fr.png]
[eurobritconsultants.co.uk/terms/index.html]
[flagcdn.com/w160/au.png]
[eurobritconsultants.co.uk/privacy-policy-2/index.html]
[eurobritconsultants.co.uk/contact/index.html]
[flagcdn.com/w160/us.png]
[eurobritconsultants.co.uk/refund/index.html]
[flagcdn.com/w160/de.png]
[flagcdn.com/w160/gb.png]
[flagcdn.com/w160/it.png]
[flagcdn.com/w160/es.png]
[cdnjs.cloudflare.com/ajax/libs/font-awesome/6.5.1/css/all.min.css]
[eurobritconsultants.co.uk/wp-content/uploads/2026/05/visa-image-9QoQaXHk.webp]
[eurobritconsultants.co.uk/wp-content/uploads/2026/05/imageye___-_imgi_10_contectus-CfVxmbW4.webp]
[eurobritconsultants.co.uk/wp-content/uploads/2026/05/WhatsApp-Image-2026-05-14-at-12.04.22.jpg]
[cdn.jsdelivr.net/npm/swiper@11/swiper-bundle.min.js]
[eurobritconsultants.co.uk/wp-content/plugins/elementor-pro/assets/css/widget-nav-menu.min0235.css]
[eurobritconsultants.co.uk/wp-content/plugins/elementor/assets/css/widget-social-icons.mineda1.css]
[eurobritconsultants.co.uk/wp-content/plugins/elementor/assets/css/conditionals/apple-webkit.mineda1.css]
[eurobritconsultants.co.uk/wp-content/plugins/xpro-elementor-addons/assets/js/xpro-widgets97e9.js]
[eurobritconsultants.co.uk/wp-content/plugins/xpro-elementor-addons/assets/vendor/js/sweetalert2.all.min7c45.js]
[eurobritconsultants.co.uk/wp-content/plugins/elementor/assets/js/webpack.runtime.mineda1.js]
[eurobritconsultants.co.uk/wp-content/plugins/elementor/assets/js/frontend-modules.mineda1.js]
[eurobritconsultants.co.uk/wp-includes/js/jquery/ui/core.minb37e.js]
[eurobritconsultants.co.uk/wp-content/plugins/elementor/assets/js/frontend.mineda1.js]
[eurobritconsultants.co.uk/wp-content/themes/hello-elementor/assets/js/hello-frontend08cb.js]
[eurobritconsultants.co.uk/wp-content/plugins/xpro-elementor-addons/assets/vendor/js/anime.min41fe.js]
[eurobritconsultants.co.uk/indexe2f2.html]
[eurobritconsultants.co.uk/index.html]
[eurobritconsultants.co.uk/xmlrpc.php]
[eurobritconsultants.co.uk/wp-content/plugins/header-footer-elementor/inc/widgets-css/frontendab7d.css]
[eurobritconsultants.co.uk/wp-content/plugins/xpro-elementor-addons/assets/css/xpro-widgets97e9.css]
[eurobritconsultants.co.uk/wp-content/plugins/xpro-elementor-addons/assets/css/xpro-responsive97e9.css]
[eurobritconsultants.co.uk/wp-content/plugins/elementor/assets/lib/font-awesome/css/all.min52d5.css]
[eurobritconsultants.co.uk/wp-content/plugins/elementor/assets/css/widget-social-icons.min790a.css]
[eurobritconsultants.co.uk/wp-content/plugins/xpro-elementor-addons/assets/css/xpro-icons.min8a54.css]
[eurobritconsultants.co.uk/wp-content/plugins/jeg-elementor-kit/assets/css/elements/main5b9e.css]
[eurobritconsultants.co.uk/wp-content/plugins/header-footer-elementor/assets/css/header-footer-elementorab7d.css]
[eurobritconsultants.co.uk/wp-content/plugins/elementor/assets/css/frontend.mineda1.css]
[eurobritconsultants.co.uk/wp-content/uploads/elementor/css/post-870f2.css]
[eurobritconsultants.co.uk/wp-content/plugins/xpro-elementor-addons/inc/controls/assets/css/widgetarea-editor97e9.css]
[eurobritconsultants.co.uk/wp-content/plugins/elementor/assets/css/widget-heading.mineda1.css]
[eurobritconsultants.co.uk/wp-content/plugins/elementor/assets/css/widget-icon-list.mineda1.css]
[eurobritconsultants.co.uk/wp-content/plugins/elementor/assets/css/widget-image.mineda1.css]
[eurobritconsultants.co.uk/wp-content/plugins/elementor/assets/css/widget-divider.mineda1.css]
[eurobritconsultants.co.uk/wp-content/plugins/elementor-pro/assets/css/widget-form.min0235.css]
[eurobritconsultants.co.uk/wp-content/uploads/elementor/css/post-1270f2.css]
[eurobritconsultants.co.uk/wp-content/uploads/elementor/css/base-desktopcaf9.css]
[eurobritconsultants.co.uk/wp-content/uploads/elementor/css/post-173c22a.css]
[eurobritconsultants.co.uk/wp-content/uploads/elementor/css/post-220c22a.css]
[eurobritconsultants.co.uk/wp-content/themes/hello-elementor/assets/css/reset08cb.css]
[eurobritconsultants.co.uk/wp-content/themes/hello-elementor/assets/css/theme08cb.css]
[eurobritconsultants.co.uk/wp-content/themes/hello-elementor/assets/css/header-footer08cb.css]
[eurobritconsultants.co.uk/wp-content/plugins/elementor-pro/assets/css/conditionals/popup.min0235.css]
[eurobritconsultants.co.uk/wp-content/uploads/elementor/css/post-741c22a.css]
[eurobritconsultants.co.uk/wp-content/plugins/elementor/assets/lib/eicons/css/elementor-icons.min705c.css]
[eurobritconsultants.co.uk/wp-content/plugins/elementor/assets/css/widget-icon-list.min44b4.css]
[eurobritconsultants.co.uk/wp-content/plugins/elementor/assets/css/widget-social-icons.min2401.css]
[eurobritconsultants.co.uk/wp-content/plugins/elementor/assets/lib/font-awesome/css/brands52d5.css]
[eurobritconsultants.co.uk/wp-content/plugins/elementor/assets/lib/font-awesome/css/fontawesome52d5.css]
[eurobritconsultants.co.uk/wp-content/plugins/elementor/assets/lib/font-awesome/css/solid52d5.css]
[eurobritconsultants.co.uk/wp-content/plugins/elementor-pro/assets/css/widget-blockquote.min503b.css]
[eurobritconsultants.co.uk/wp-content/plugins/elementor-pro/assets/css/widget-mega-menu.min9e35.css]
[eurobritconsultants.co.uk/wp-content/plugins/elementor-pro/assets/css/widget-nav-menu.min42e3.css]
[eurobritconsultants.co.uk/wp-content/plugins/xpro-elementor-addons/assets/css/xpro-icons.min97e9.css]
[eurobritconsultants.co.uk/wp-content/plugins/jeg-elementor-kit/assets/fonts/jkiticon/jkiticon5b9e.css]
[eurobritconsultants.co.uk/wp-includes/js/jquery/jquery.minf43b.js]
[eurobritconsultants.co.uk/wp-includes/js/jquery/jquery-migrate.min5589.js]
[cdn.jsdelivr.net/npm/swiper@11/swiper-bundle.min.css]
[eurobritconsultants.co.uk/services/index.html]
[eurobritconsultants.co.uk/about/index.html]
[eurobritconsultants.co.uk/apply/index.html]
[eurobritconsultants.co.uk/blog/index.html]
[eurobritconsultants.co.uk/terms/index.html]
[cdn.jsdelivr.net/npm/bootstrap-icons@1.11.3/font/bootstrap-icons.min.css]
[eurobritconsultants.co.uk/privacy-policy-2/index.html]
[eurobritconsultants.co.uk/refund/index.html]
[eurobritconsultants.co.uk/contact/index.html]
[cdnjs.cloudflare.com/ajax/libs/font-awesome/6.5.1/css/all.min.css]
[eurobritconsultants.co.uk/wp-content/plugins/elementor-pro/assets/css/widget-nav-menu.min0235.css]
[eurobritconsultants.co.uk/wp-content/plugins/elementor/assets/css/widget-social-icons.mineda1.css]
[eurobritconsultants.co.uk/wp-content/plugins/elementor/assets/css/conditionals/apple-webkit.mineda1.css]
[eurobritconsultants.co.uk/wp-content/plugins/xpro-elementor-addons/assets/js/xpro-widgets97e9.js]
[eurobritconsultants.co.uk/wp-content/plugins/xpro-elementor-addons/assets/vendor/js/sweetalert2.all.min7c45.js]
[eurobritconsultants.co.uk/wp-content/plugins/elementor/assets/js/webpack.runtime.mineda1.js]
[eurobritconsultants.co.uk/wp-content/plugins/elementor/assets/js/frontend-modules.mineda1.js]
[eurobritconsultants.co.uk/wp-includes/js/jquery/ui/core.minb37e.js]
[eurobritconsultants.co.uk/wp-content/plugins/elementor/assets/js/frontend.mineda1.js]
[eurobritconsultants.co.uk/indexe2f2.html]
[eurobritconsultants.co.uk/wp-content/themes/hello-elementor/assets/js/hello-frontend08cb.js]
[eurobritconsultants.co.uk/wp-content/plugins/xpro-elementor-addons/assets/vendor/js/anime.min41fe.js]
[eurobritconsultants.co.uk/wp-content/plugins/xpro-elementor-addons/modules/floating-effect/js/floating-effect.min97e9.html]
[eurobritconsultants.co.uk/wp-content/plugins/elementor-pro/assets/lib/smartmenus/jquery.smartmenus.min1576.html]
[eurobritconsultants.co.uk/wp-content/plugins/jeg-elementor-kit/assets/js/elements/mailchimp5b9e.html]
[eurobritconsultants.co.uk/wp-content/plugins/elementor-pro/assets/js/webpack-pro.runtime.min0235.html]
[eurobritconsultants.co.uk/wp-includes/js/dist/hooks.min394d.html]
[eurobritconsultants.co.uk/wp-includes/js/dist/i18n.mineca5.html]
[eurobritconsultants.co.uk/wp-content/plugins/elementor-pro/assets/js/frontend.min0235.html]
[eurobritconsultants.co.uk/wp-content/plugins/elementor-pro/assets/js/elements-handlers.min0235.html]
[eurobritconsultants.co.uk/wp-content/plugins/xpro-elementor-addons/inc/controls/assets/js/widgetarea-editor97e9.html]
[eurobritconsultants.co.uk/wp-content/plugins/xpro-elementor-addons/assets/images/spinner.html]
[eurobritconsultants.co.uk/wp-content/plugins/xpro-elementor-addons/assets/images/team-shape-2.html]
[eurobritconsultants.co.uk/wp-content/plugins/elementor/assets/lib/font-awesome/webfonts/fa-brands-400.html]
[eurobritconsultants.co.uk/wp-content/plugins/elementor/assets/lib/font-awesome/webfonts/fa-brands-400d41d.html]
[eurobritconsultants.co.uk/wp-content/plugins/elementor/assets/lib/font-awesome/webfonts/fa-brands-401.html]
[eurobritconsultants.co.uk/wp-content/plugins/elementor/assets/lib/font-awesome/webfonts/fa-brands-402.html]
[eurobritconsultants.co.uk/wp-content/plugins/elementor/assets/lib/font-awesome/webfonts/fa-brands-403.html]
[eurobritconsultants.co.uk/wp-content/plugins/elementor/assets/lib/font-awesome/webfonts/fa-brands-404.html]
[eurobritconsultants.co.uk/wp-content/plugins/elementor/assets/lib/font-awesome/webfonts/fa-regular-400.html]
[eurobritconsultants.co.uk/wp-content/plugins/elementor/assets/lib/font-awesome/webfonts/fa-regular-400d41d.html]
[eurobritconsultants.co.uk/wp-content/plugins/elementor/assets/lib/font-awesome/webfonts/fa-regular-401.html]
[eurobritconsultants.co.uk/wp-content/plugins/elementor/assets/lib/font-awesome/webfonts/fa-regular-402.html]
[eurobritconsultants.co.uk/wp-content/plugins/elementor/assets/lib/font-awesome/webfonts/fa-regular-403.html]
[eurobritconsultants.co.uk/wp-content/plugins/elementor/assets/lib/font-awesome/webfonts/fa-regular-404.html]
[eurobritconsultants.co.uk/wp-content/plugins/elementor/assets/lib/font-awesome/webfonts/fa-solid-900.html]
[eurobritconsultants.co.uk/wp-content/plugins/elementor/assets/lib/font-awesome/webfonts/fa-solid-900d41d.html]
[eurobritconsultants.co.uk/wp-content/plugins/elementor/assets/lib/font-awesome/webfonts/fa-solid-901.html]
[eurobritconsultants.co.uk/wp-content/plugins/elementor/assets/lib/font-awesome/webfonts/fa-solid-902.html]
[eurobritconsultants.co.uk/wp-content/plugins/elementor/assets/lib/font-awesome/webfonts/fa-solid-903.html]
[eurobritconsultants.co.uk/wp-content/plugins/elementor/assets/lib/font-awesome/webfonts/fa-solid-904.html]
[eurobritconsultants.co.uk/wp-content/plugins/xpro-elementor-addons/assets/fonts/xpro-icons868a.html]
[eurobritconsultants.co.uk/wp-content/plugins/xpro-elementor-addons/assets/fonts/xpro-icons868a-2.html]
[eurobritconsultants.co.uk/wp-content/plugins/xpro-elementor-addons/assets/fonts/xpro-icons868a-3.html]
[eurobritconsultants.co.uk/wp-content/plugins/xpro-elementor-addons/assets/fonts/xpro-icons868a-4.html]
[eurobritconsultants.co.uk/wp-content/plugins/jeg-elementor-kit/assets/img/letter-x.html]
[eurobritconsultants.co.uk/wp-content/uploads/2026/05/hero-background-Dh06HMYE.html]
[eurobritconsultants.co.uk/wp-content/plugins/elementor/assets/lib/eicons/fonts/eiconsb886.html]
[eurobritconsultants.co.uk/wp-content/plugins/elementor/assets/lib/eicons/fonts/eiconsb886-2.html]
[eurobritconsultants.co.uk/wp-content/plugins/elementor/assets/lib/eicons/fonts/eiconsb886-3.html]
[eurobritconsultants.co.uk/wp-content/plugins/elementor/assets/lib/eicons/fonts/eiconsb886-4.html]
[eurobritconsultants.co.uk/wp-content/plugins/elementor/assets/lib/eicons/fonts/eiconsb886-5.html]
[eurobritconsultants.co.uk/wp-content/plugins/jeg-elementor-kit/assets/fonts/jkiticon/jkiticon7107.html]
[eurobritconsultants.co.uk/wp-content/plugins/jeg-elementor-kit/assets/fonts/jkiticon/jkiticon7107-2.html]
[eurobritconsultants.co.uk/wp-content/plugins/jeg-elementor-kit/assets/fonts/jkiticon/jkiticon7107-3.html]
[eurobritconsultants.co.uk/wp-content/plugins/jeg-elementor-kit/assets/fonts/jkiticon/jkiticon7107-4.html]
[eurobritconsultants.co.uk/wp-content/plugins/jeg-elementor-kit/assets/fonts/jkiticon/jkiticon7107-5.html]
[eurobritconsultants.co.uk/wp-json/oembed/1.0/embed16c0.html]
[eurobritconsultants.co.uk/wp-json/oembed/1.0/embedf2dd.html]
[eurobritconsultants.co.uk/wp-content/plugins/elementor/assets/css/widget-nested-accordion.mineda1.html]
[eurobritconsultants.co.uk/wp-content/uploads/elementor/css/post-1121530.html]
[eurobritconsultants.co.uk/wp-json/wp/v2/pages/112.html]
[eurobritconsultants.co.uk/index8820.html]
[eurobritconsultants.co.uk/wp-json/oembed/1.0/embed392c.html]
[eurobritconsultants.co.uk/wp-json/oembed/1.0/embedef59.html]
[eurobritconsultants.co.uk/wp-content/uploads/elementor/css/post-305b90c.html]
[eurobritconsultants.co.uk/wp-json/wp/v2/pages/305.html]
[eurobritconsultants.co.uk/index4720.html]
[eurobritconsultants.co.uk/wp-content/uploads/2026/05/photo-1450101499163-c8848c66ca85-1024x683.html]
[eurobritconsultants.co.uk/wp-json/oembed/1.0/embed6b0c.html]
[eurobritconsultants.co.uk/wp-json/oembed/1.0/embede7bc.html]
[eurobritconsultants.co.uk/wp-content/uploads/elementor/css/post-1476baf.html]
[eurobritconsultants.co.uk/wp-content/uploads/elementor/css/local-147-frontend-desktop20ca.html]
[eurobritconsultants.co.uk/wp-content/uploads/elementor/css/local-147-frontend-mobile20ca.html]
[eurobritconsultants.co.uk/wp-json/wp/v2/pages/147.html]
[eurobritconsultants.co.uk/index2fa7.html]
[eurobritconsultants.co.uk/apply/style.html]
[eurobritconsultants.co.uk/wp-content/plugins/elementor/assets/js/packages/frontend-handlers/frontend-handlers.mineda1.html]
[eurobritconsultants.co.uk/wp-content/plugins/elementor/assets/js/packages/alpinejs/alpinejs.mineda1.html]
[eurobritconsultants.co.uk/wp-content/plugins/elementor/assets/js/tabs-handler.mineda1.html]
[eurobritconsultants.co.uk/wp-json/oembed/1.0/embed38e7.html]
[eurobritconsultants.co.uk/wp-json/oembed/1.0/embed5917.html]
[eurobritconsultants.co.uk/wp-content/plugins/xpro-elementor-addons/assets/vendor/css/cubeportfolio.min474a.html]
[eurobritconsultants.co.uk/wp-content/plugins/elementor/assets/css/widget-image-box.mineda1.html]
[eurobritconsultants.co.uk/wp-content/plugins/elementor-pro/assets/css/modules/sticky.min0235.html]
[eurobritconsultants.co.uk/wp-content/uploads/elementor/css/post-2875606.html]
[eurobritconsultants.co.uk/wp-json/wp/v2/pages/287.html]
[eurobritconsultants.co.uk/index486a.html]
[eurobritconsultants.co.uk/hello-world/index.html]
[eurobritconsultants.co.uk/author/localseo725/index.html]
[eurobritconsultants.co.uk/wp-content/uploads/2026/05/message.html]
[eurobritconsultants.co.uk/wp-content/plugins/xpro-elementor-addons/assets/vendor/js/jquery.cubeportfolio.min474a.html]
[eurobritconsultants.co.uk/wp-content/plugins/elementor-pro/assets/lib/sticky/jquery.sticky.min0235.html]
[eurobritconsultants.co.uk/wp-json/oembed/1.0/embedd0d3.html]
[eurobritconsultants.co.uk/wp-json/oembed/1.0/embed82b6.html]
[eurobritconsultants.co.uk/wp-content/uploads/elementor/css/post-32581b2.html]
[eurobritconsultants.co.uk/wp-json/wp/v2/pages/325.html]
[eurobritconsultants.co.uk/indexf175.html]
[cdn.jsdelivr.net/npm/bootstrap-icons@1.11.3/font/fonts/bootstrap-icons0107.woff2]
[cdn.jsdelivr.net/npm/bootstrap-icons@1.11.3/font/fonts/bootstrap-icons0107.woff]
[cdn.jsdelivr.net/npm/bootstrap-icons@1.11.3/font/bootstrap-icons.min.css]
[eurobritconsultants.co.uk/wp-json/oembed/1.0/embedbd82.html]
[eurobritconsultants.co.uk/wp-json/oembed/1.0/embeddb92.html]
[eurobritconsultants.co.uk/wp-content/plugins/elementor/assets/css/widget-icon-box.mineda1.html]
[eurobritconsultants.co.uk/wp-content/uploads/elementor/css/post-39767a.html]
[eurobritconsultants.co.uk/wp-json/wp/v2/pages/39.html]
[eurobritconsultants.co.uk/indexba52.html]
[eurobritconsultants.co.uk/wp-json/oembed/1.0/embed26fa.html]
[eurobritconsultants.co.uk/wp-json/oembed/1.0/embedc8f4.html]
[eurobritconsultants.co.uk/wp-content/uploads/elementor/css/post-138e643.html]
[eurobritconsultants.co.uk/wp-json/wp/v2/pages/138.html]
[eurobritconsultants.co.uk/index1a26.html]
[eurobritconsultants.co.uk/refund/style.html]
[eurobritconsultants.co.uk/wp-json/oembed/1.0/embed03bd.html]
[eurobritconsultants.co.uk/wp-json/oembed/1.0/embedec49.html]
[eurobritconsultants.co.uk/wp-content/uploads/elementor/css/post-335c97d.html]
[eurobritconsultants.co.uk/wp-json/wp/v2/pages/335.html]
[eurobritconsultants.co.uk/index5294.html]
[eurobritconsultants.co.uk/OPR/index.html]
[eurobritconsultants.co.uk/wp-includes/css/dist/block-library/style.min856d.html]
